2026-06-08 15:49:21,331 - INFO - Configuration: {'batch_size': 256, 'infer_size': 96, 'num_epochs': 51, 'lr': 0.0001, 'device': 'cuda', 'seed': 2025, 'early_stop': 10, 'num_layers': 4, 'num_decoder_layers': 4, 'd_model': 128, 'd_ff': 1024, 'num_heads': 4, 'd_kv': 64, 'dropout_rate': 0.1, 'vocab_size': 1025, 'pad_token_id': 0, 'eos_token_id': 0, 'feed_forward_proj': 'relu', 'max_len': 100, 'dataset_path': PosixPath('/home/mingyu/news_rec/Data'), 'code_path': '/home/mingyu/news_rec/Data/rqvae.npy', 'mode': 'train', 'code_len': 4, 'beam_size': 30, 'log_path': '/home/mingyu/news_rec/log/tiger.log', 'save_path': '/home/mingyu/news_rec/Data/ckpt/tiger.pth'}
2026-06-08 15:49:21,352 - INFO - #Embedding parameters: 131200
#Non-embedding parameters: 3673088
#Total trainable parameters: 3804288

2026-06-08 15:49:22,825 - INFO - Epoch 1/51
2026-06-08 15:50:02,818 - INFO - Training loss: 4.424760398111846
2026-06-08 15:52:11,162 - INFO - Validation Dataset: {'Hit@1': 0.0001646903869898423, 'Hit@10': 0.001976284642037549, 'Hit@20': 0.003911396683646521}
2026-06-08 15:52:11,162 - INFO - Validation Dataset: {'NDCG@1': 0.0001646903869898423, 'NDCG@10': 0.0007738123441726087, 'NDCG@20': 0.00126361051388453}
2026-06-08 15:52:11,172 - INFO - Best model saved to /home/mingyu/news_rec/Data/ckpt/tiger.pth
2026-06-08 15:52:11,172 - INFO - Epoch 2/51
2026-06-08 15:52:51,075 - INFO - Training loss: 3.656251655126873
2026-06-08 15:54:59,894 - INFO - Validation Dataset: {'Hit@1': 6.175889512119086e-05, 'Hit@10': 0.002593873595090016, 'Hit@20': 0.004179018558823897}
2026-06-08 15:54:59,894 - INFO - Validation Dataset: {'NDCG@1': 6.175889512119086e-05, 'NDCG@10': 0.0009092509115239966, 'NDCG@20': 0.0013391495647328527}
2026-06-08 15:54:59,904 - INFO - Best model saved to /home/mingyu/news_rec/Data/ckpt/tiger.pth
2026-06-08 15:54:59,904 - INFO - Epoch 3/51
2026-06-08 15:55:39,785 - INFO - Training loss: 3.372887601350483
2026-06-08 15:57:54,150 - INFO - Validation Dataset: {'Hit@1': 6.175889512119086e-05, 'Hit@10': 0.0028614954739485097, 'Hit@20': 0.004467226736056122}
2026-06-08 15:57:54,150 - INFO - Validation Dataset: {'NDCG@1': 6.175889512119086e-05, 'NDCG@10': 0.0010644258331257129, 'NDCG@20': 0.0015014020911060834}
2026-06-08 15:57:54,161 - INFO - Best model saved to /home/mingyu/news_rec/Data/ckpt/tiger.pth
2026-06-08 15:57:54,161 - INFO - Epoch 4/51
2026-06-08 15:58:35,202 - INFO - Training loss: 3.1872916886681004
2026-06-08 16:00:46,766 - INFO - Validation Dataset: {'Hit@1': 6.175889512119086e-05, 'Hit@10': 0.00436429524418747, 'Hit@20': 0.008543313773562431}
2026-06-08 16:00:46,766 - INFO - Validation Dataset: {'NDCG@1': 6.175889512119086e-05, 'NDCG@10': 0.0015812482341586542, 'NDCG@20': 0.002545617316047046}
2026-06-08 16:00:46,776 - INFO - Best model saved to /home/mingyu/news_rec/Data/ckpt/tiger.pth
2026-06-08 16:00:46,776 - INFO - Epoch 5/51
2026-06-08 16:01:27,711 - INFO - Training loss: 3.0459586231332074
2026-06-08 16:03:39,584 - INFO - Validation Dataset: {'Hit@1': 6.175889512119086e-05, 'Hit@10': 0.0028614954739485097, 'Hit@20': 0.004467226736056122}
2026-06-08 16:03:39,584 - INFO - Validation Dataset: {'NDCG@1': 6.175889512119086e-05, 'NDCG@10': 0.0011801418872263002, 'NDCG@20': 0.001582460902196911}
2026-06-08 16:03:39,584 - INFO - Epoch 6/51
2026-06-08 16:04:20,019 - INFO - Training loss: 2.9307893050344367
2026-06-08 16:06:33,891 - INFO - Validation Dataset: {'Hit@1': 6.175889512119086e-05, 'Hit@10': 0.0028614954739485097, 'Hit@20': 0.004467226736056122}
2026-06-08 16:06:33,891 - INFO - Validation Dataset: {'NDCG@1': 6.175889512119086e-05, 'NDCG@10': 0.0011211232270257688, 'NDCG@20': 0.0015587749359061713}
2026-06-08 16:06:33,891 - INFO - Epoch 7/51
2026-06-08 16:07:15,522 - INFO - Training loss: 2.8347860599818984
2026-06-08 16:09:26,535 - INFO - Validation Dataset: {'Hit@1': 6.175889512119086e-05, 'Hit@10': 0.0020380435389992986, 'Hit@20': 0.004652503419579136}
2026-06-08 16:09:26,535 - INFO - Validation Dataset: {'NDCG@1': 6.175889512119086e-05, 'NDCG@10': 0.0009395806588188344, 'NDCG@20': 0.0016373389436432672}
2026-06-08 16:09:26,535 - INFO - Epoch 8/51
2026-06-08 16:10:06,410 - INFO - Training loss: 2.7481116621117843
2026-06-08 16:12:17,315 - INFO - Validation Dataset: {'Hit@1': 6.175889512119086e-05, 'Hit@10': 0.0020586298373730287, 'Hit@20': 0.004776021209821517}
2026-06-08 16:12:17,315 - INFO - Validation Dataset: {'NDCG@1': 6.175889512119086e-05, 'NDCG@10': 0.0007671018636310583, 'NDCG@20': 0.0014958263277315457}
2026-06-08 16:12:17,315 - INFO - Epoch 9/51
2026-06-08 16:12:57,194 - INFO - Training loss: 2.676443967066313
2026-06-08 16:15:08,192 - INFO - Validation Dataset: {'Hit@1': 6.175889512119086e-05, 'Hit@10': 0.004467226736056122, 'Hit@20': 0.0067728921410300045}
2026-06-08 16:15:08,192 - INFO - Validation Dataset: {'NDCG@1': 6.175889512119086e-05, 'NDCG@10': 0.0016113544258439965, 'NDCG@20': 0.0021434811467540417}
2026-06-08 16:15:08,192 - INFO - Epoch 10/51
2026-06-08 16:15:48,060 - INFO - Training loss: 2.6120058887883237
2026-06-08 16:17:59,244 - INFO - Validation Dataset: {'Hit@1': 6.175889512119086e-05, 'Hit@10': 0.003643774804788027, 'Hit@20': 0.0044878130344298515}
2026-06-08 16:17:59,244 - INFO - Validation Dataset: {'NDCG@1': 6.175889512119086e-05, 'NDCG@10': 0.0013892239823812258, 'NDCG@20': 0.0016236069691349041}
2026-06-08 16:17:59,244 - INFO - Epoch 11/51
2026-06-08 16:18:39,101 - INFO - Training loss: 2.555101116080033
2026-06-08 16:20:51,299 - INFO - Validation Dataset: {'Hit@1': 6.175889512119086e-05, 'Hit@10': 0.00216156132924168, 'Hit@20': 0.004467226736056122}
2026-06-08 16:20:51,300 - INFO - Validation Dataset: {'NDCG@1': 6.175889512119086e-05, 'NDCG@10': 0.0008395283244616488, 'NDCG@20': 0.0014654192134826315}
2026-06-08 16:20:51,300 - INFO - Epoch 12/51
2026-06-08 16:21:31,752 - INFO - Training loss: 2.5039052348387867
2026-06-08 16:23:44,635 - INFO - Validation Dataset: {'Hit@1': 6.175889512119086e-05, 'Hit@10': 0.0028614954739485097, 'Hit@20': 0.022401704519191986}
2026-06-08 16:23:44,635 - INFO - Validation Dataset: {'NDCG@1': 6.175889512119086e-05, 'NDCG@10': 0.0011694866840878553, 'NDCG@20': 0.005864124997747186}
2026-06-08 16:23:44,646 - INFO - Best model saved to /home/mingyu/news_rec/Data/ckpt/tiger.pth
2026-06-08 16:23:44,646 - INFO - Epoch 13/51
2026-06-08 16:24:25,108 - INFO - Training loss: 2.456932828300878
2026-06-08 16:26:37,703 - INFO - Validation Dataset: {'Hit@1': 0.00020586298373730287, 'Hit@10': 0.0035408433129193754, 'Hit@20': 0.028124695299598185}
2026-06-08 16:26:37,703 - INFO - Validation Dataset: {'NDCG@1': 0.00020586298373730287, 'NDCG@10': 0.0013305519435098283, 'NDCG@20': 0.007097684504029897}
2026-06-08 16:26:37,714 - INFO - Best model saved to /home/mingyu/news_rec/Data/ckpt/tiger.pth
2026-06-08 16:26:37,714 - INFO - Epoch 14/51
2026-06-08 16:27:18,230 - INFO - Training loss: 2.4164468677420365
2026-06-08 16:29:31,543 - INFO - Validation Dataset: {'Hit@1': 0.0001646903869898423, 'Hit@10': 0.0020380435389992986, 'Hit@20': 0.01072546137909114}
2026-06-08 16:29:31,543 - INFO - Validation Dataset: {'NDCG@1': 0.0001646903869898423, 'NDCG@10': 0.0008119946173594698, 'NDCG@20': 0.00288900134812584}
2026-06-08 16:29:31,543 - INFO - Epoch 15/51
2026-06-08 16:30:11,950 - INFO - Training loss: 2.37494294894369
2026-06-08 16:32:24,930 - INFO - Validation Dataset: {'Hit@1': 6.175889512119086e-05, 'Hit@10': 0.00216156132924168, 'Hit@20': 0.02530437254019288}
2026-06-08 16:32:24,930 - INFO - Validation Dataset: {'NDCG@1': 6.175889512119086e-05, 'NDCG@10': 0.0007883922105817044, 'NDCG@20': 0.0064768985810177955}
2026-06-08 16:32:24,930 - INFO - Epoch 16/51
2026-06-08 16:33:05,117 - INFO - Training loss: 2.3411198176835715
2026-06-08 16:35:19,664 - INFO - Validation Dataset: {'Hit@1': 0.00020586298373730287, 'Hit@10': 0.0020380435389992986, 'Hit@20': 0.021413562239585775}
2026-06-08 16:35:19,664 - INFO - Validation Dataset: {'NDCG@1': 0.00020586298373730287, 'NDCG@10': 0.0008730769245756474, 'NDCG@20': 0.005425091674128039}
2026-06-08 16:35:19,664 - INFO - Epoch 17/51
2026-06-08 16:36:00,266 - INFO - Training loss: 2.3064664326216047
2026-06-08 16:38:12,649 - INFO - Validation Dataset: {'Hit@1': 6.175889512119086e-05, 'Hit@10': 0.002799736575146202, 'Hit@20': 0.019351120241236662}
2026-06-08 16:38:12,649 - INFO - Validation Dataset: {'NDCG@1': 6.175889512119086e-05, 'NDCG@10': 0.0009993663312602243, 'NDCG@20': 0.004913602999352625}
2026-06-08 16:38:12,649 - INFO - Epoch 18/51
2026-06-08 16:38:52,827 - INFO - Training loss: 2.2805397610915334
2026-06-08 16:41:05,112 - INFO - Validation Dataset: {'Hit@1': 0.00020586298373730287, 'Hit@10': 0.0029026680706959705, 'Hit@20': 0.012681159669378765}
2026-06-08 16:41:05,112 - INFO - Validation Dataset: {'NDCG@1': 0.00020586298373730287, 'NDCG@10': 0.0010926558920495183, 'NDCG@20': 0.0033975498918296675}
2026-06-08 16:41:05,112 - INFO - Epoch 19/51
2026-06-08 16:41:45,754 - INFO - Training loss: 2.2499664821122822
2026-06-08 16:43:59,642 - INFO - Validation Dataset: {'Hit@1': 0.00020586298373730287, 'Hit@10': 0.0037467062948161197, 'Hit@20': 0.021969392293835936}
2026-06-08 16:43:59,642 - INFO - Validation Dataset: {'NDCG@1': 0.00020586298373730287, 'NDCG@10': 0.00136523882963367, 'NDCG@20': 0.005546411481435621}
2026-06-08 16:43:59,642 - INFO - Epoch 20/51
2026-06-08 16:44:39,517 - INFO - Training loss: 2.2248453855514527
2026-06-08 16:46:50,361 - INFO - Validation Dataset: {'Hit@1': 6.175889512119086e-05, 'Hit@10': 0.0029644269639766026, 'Hit@20': 0.02147150889458687}
2026-06-08 16:46:50,361 - INFO - Validation Dataset: {'NDCG@1': 6.175889512119086e-05, 'NDCG@10': 0.0010463899938323398, 'NDCG@20': 0.005422247130618884}
2026-06-08 16:46:50,361 - INFO - Epoch 21/51
2026-06-08 16:47:30,636 - INFO - Training loss: 2.2007272419176602
2026-06-08 16:49:44,176 - INFO - Validation Dataset: {'Hit@1': 6.175889512119086e-05, 'Hit@10': 0.00430253634722572, 'Hit@20': 0.02474854246937769}
2026-06-08 16:49:44,177 - INFO - Validation Dataset: {'NDCG@1': 6.175889512119086e-05, 'NDCG@10': 0.0015573490902472272, 'NDCG@20': 0.0064049976562212405}
2026-06-08 16:49:44,177 - INFO - Epoch 22/51
2026-06-08 16:50:24,366 - INFO - Training loss: 2.1793049059416116
2026-06-08 16:52:38,883 - INFO - Validation Dataset: {'Hit@1': 0.00012351779024238172, 'Hit@10': 0.003602602209881125, 'Hit@20': 0.02468678359818376}
2026-06-08 16:52:38,883 - INFO - Validation Dataset: {'NDCG@1': 0.00012351779024238172, 'NDCG@10': 0.0013494636590147147, 'NDCG@20': 0.006352814521342369}
2026-06-08 16:52:38,883 - INFO - Epoch 23/51
2026-06-08 16:53:19,926 - INFO - Training loss: 2.1578776635621724
2026-06-08 16:55:34,271 - INFO - Validation Dataset: {'Hit@1': 0.00010293149186865143, 'Hit@10': 0.005908267607492774, 'Hit@20': 0.01961874204831338}
2026-06-08 16:55:34,271 - INFO - Validation Dataset: {'NDCG@1': 0.00010293149186865143, 'NDCG@10': 0.002136574965614546, 'NDCG@20': 0.005346219372390788}
2026-06-08 16:55:34,271 - INFO - Epoch 24/51
2026-06-08 16:56:14,919 - INFO - Training loss: 2.1368729559998765
2026-06-08 16:58:29,448 - INFO - Validation Dataset: {'Hit@1': 0.0003293807739796846, 'Hit@10': 0.00564064572863428, 'Hit@20': 0.02236053195189346}
2026-06-08 16:58:29,448 - INFO - Validation Dataset: {'NDCG@1': 0.0003293807739796846, 'NDCG@10': 0.0021770115419044323, 'NDCG@20': 0.0061736893094707975}
2026-06-08 16:58:29,448 - INFO - Epoch 25/51
2026-06-08 16:59:10,595 - INFO - Training loss: 2.1208518203936126
2026-06-08 17:01:24,568 - INFO - Validation Dataset: {'Hit@1': 0.0011734190073026264, 'Hit@10': 0.006752305840815716, 'Hit@20': 0.02404479606430462}
2026-06-08 17:01:24,568 - INFO - Validation Dataset: {'NDCG@1': 0.0011734190073026264, 'NDCG@10': 0.0032789050030849667, 'NDCG@20': 0.007344491677193097}
2026-06-08 17:01:24,579 - INFO - Best model saved to /home/mingyu/news_rec/Data/ckpt/tiger.pth
2026-06-08 17:01:24,579 - INFO - Epoch 26/51
2026-06-08 17:02:05,728 - INFO - Training loss: 2.1026785097624128
2026-06-08 17:04:18,794 - INFO - Validation Dataset: {'Hit@1': 0.0009469697251915932, 'Hit@10': 0.005414196452044923, 'Hit@20': 0.027013035215025127}
2026-06-08 17:04:18,794 - INFO - Validation Dataset: {'NDCG@1': 0.0009469697251915932, 'NDCG@10': 0.002749528746919434, 'NDCG@20': 0.008226713150916363}
2026-06-08 17:04:18,805 - INFO - Best model saved to /home/mingyu/news_rec/Data/ckpt/tiger.pth
2026-06-08 17:04:18,805 - INFO - Epoch 27/51
2026-06-08 17:04:59,400 - INFO - Training loss: 2.084983185717934
2026-06-08 17:07:13,339 - INFO - Validation Dataset: {'Hit@1': 0.0018733531520094561, 'Hit@10': 0.006217062083098728, 'Hit@20': 0.019330533902370647}
2026-06-08 17:07:13,339 - INFO - Validation Dataset: {'NDCG@1': 0.0018733531520094561, 'NDCG@10': 0.00350024086274133, 'NDCG@20': 0.0065982433982937055}
2026-06-08 17:07:13,339 - INFO - Epoch 28/51
2026-06-08 17:07:54,667 - INFO - Training loss: 2.0705550996880784
2026-06-08 17:10:09,660 - INFO - Validation Dataset: {'Hit@1': 0.002490942101380806, 'Hit@10': 0.006772892135508329, 'Hit@20': 0.02614841071461795}
2026-06-08 17:10:09,660 - INFO - Validation Dataset: {'NDCG@1': 0.002490942101380806, 'NDCG@10': 0.00395106806110576, 'NDCG@20': 0.008861934488709177}
2026-06-08 17:10:09,670 - INFO - Best model saved to /home/mingyu/news_rec/Data/ckpt/tiger.pth
2026-06-08 17:10:09,670 - INFO - Epoch 29/51
2026-06-08 17:10:49,867 - INFO - Training loss: 2.054329000021282
2026-06-08 17:13:00,957 - INFO - Validation Dataset: {'Hit@1': 0.002923254363548025, 'Hit@10': 0.006484683960116664, 'Hit@20': 0.020219556981763937}
2026-06-08 17:13:00,957 - INFO - Validation Dataset: {'NDCG@1': 0.002923254363548025, 'NDCG@10': 0.004279387198672022, 'NDCG@20': 0.007640097424178108}
2026-06-08 17:13:00,957 - INFO - Epoch 30/51
2026-06-08 17:13:40,830 - INFO - Training loss: 2.0393574896611666
2026-06-08 17:15:51,857 - INFO - Validation Dataset: {'Hit@1': 0.006159115470430479, 'Hit@10': 0.016081711124599333, 'Hit@20': 0.026955088594994642}
2026-06-08 17:15:51,857 - INFO - Validation Dataset: {'NDCG@1': 0.006159115470430479, 'NDCG@10': 0.010328876996217774, 'NDCG@20': 0.012997383425719005}
2026-06-08 17:15:51,868 - INFO - Best model saved to /home/mingyu/news_rec/Data/ckpt/tiger.pth
2026-06-08 17:15:51,868 - INFO - Epoch 31/51
2026-06-08 17:16:31,727 - INFO - Training loss: 2.0224657083812514
2026-06-08 17:18:42,766 - INFO - Validation Dataset: {'Hit@1': 0.005541526522899687, 'Hit@10': 0.014496566205038855, 'Hit@20': 0.026848344842759754}
2026-06-08 17:18:42,766 - INFO - Validation Dataset: {'NDCG@1': 0.005541526522899687, 'NDCG@10': 0.009719478279322739, 'NDCG@20': 0.01271928936885412}
2026-06-08 17:18:42,766 - INFO - Epoch 32/51
2026-06-08 17:19:22,639 - INFO - Training loss: 2.0077254383187544
2026-06-08 17:21:33,567 - INFO - Validation Dataset: {'Hit@1': 0.0035652418919054885, 'Hit@10': 0.010543996974339952, 'Hit@20': 0.024937631461121466}
2026-06-08 17:21:33,567 - INFO - Validation Dataset: {'NDCG@1': 0.0035652418919054885, 'NDCG@10': 0.006340233381311206, 'NDCG@20': 0.009887300100887982}
2026-06-08 17:21:33,567 - INFO - Epoch 33/51
2026-06-08 17:22:13,435 - INFO - Training loss: 1.996207903560839
2026-06-08 17:24:24,317 - INFO - Validation Dataset: {'Hit@1': 0.00690022219900086, 'Hit@10': 0.013652527995643173, 'Hit@20': 0.023801572854619604}
2026-06-08 17:24:24,317 - INFO - Validation Dataset: {'NDCG@1': 0.00690022219900086, 'NDCG@10': 0.009795192298258511, 'NDCG@20': 0.012269410418379654}
2026-06-08 17:24:24,317 - INFO - Epoch 34/51
2026-06-08 17:25:04,193 - INFO - Training loss: 1.9838176457505476
2026-06-08 17:27:15,017 - INFO - Validation Dataset: {'Hit@1': 0.008608884954817682, 'Hit@10': 0.01717278491263922, 'Hit@20': 0.026827758538864346}
2026-06-08 17:27:15,017 - INFO - Validation Dataset: {'NDCG@1': 0.008608884954817682, 'NDCG@10': 0.0123660253290006, 'NDCG@20': 0.01475210410585119}
2026-06-08 17:27:15,027 - INFO - Best model saved to /home/mingyu/news_rec/Data/ckpt/tiger.pth
2026-06-08 17:27:15,027 - INFO - Epoch 35/51
2026-06-08 17:27:54,796 - INFO - Training loss: 1.9716276011968914
2026-06-08 17:30:05,225 - INFO - Validation Dataset: {'Hit@1': 0.010029339533402279, 'Hit@10': 0.017008094555098312, 'Hit@20': 0.0280629364707371}
2026-06-08 17:30:05,225 - INFO - Validation Dataset: {'NDCG@1': 0.010029339533402279, 'NDCG@10': 0.012915997401987876, 'NDCG@20': 0.01561497533675504}
2026-06-08 17:30:05,235 - INFO - Best model saved to /home/mingyu/news_rec/Data/ckpt/tiger.pth
2026-06-08 17:30:05,235 - INFO - Epoch 36/51
2026-06-08 17:30:45,142 - INFO - Training loss: 1.961788705148195
2026-06-08 17:32:56,414 - INFO - Validation Dataset: {'Hit@1': 0.00877357533444529, 'Hit@10': 0.019787244739842863, 'Hit@20': 0.0348770009103441}
2026-06-08 17:32:56,414 - INFO - Validation Dataset: {'NDCG@1': 0.00877357533444529, 'NDCG@10': 0.013503315299013151, 'NDCG@20': 0.01723578723245061}
2026-06-08 17:32:56,425 - INFO - Best model saved to /home/mingyu/news_rec/Data/ckpt/tiger.pth
2026-06-08 17:32:56,425 - INFO - Epoch 37/51
2026-06-08 17:33:36,540 - INFO - Training loss: 1.948870030829781
2026-06-08 17:35:47,808 - INFO - Validation Dataset: {'Hit@1': 0.0070237400002865925, 'Hit@10': 0.017460993113798704, 'Hit@20': 0.032468404103688925}
2026-06-08 17:35:47,808 - INFO - Validation Dataset: {'NDCG@1': 0.0070237400002865925, 'NDCG@10': 0.01134106337383625, 'NDCG@20': 0.01505572325135894}
2026-06-08 17:35:47,808 - INFO - Epoch 38/51
2026-06-08 17:36:27,687 - INFO - Training loss: 1.936956430736341
2026-06-08 17:38:40,048 - INFO - Validation Dataset: {'Hit@1': 0.009576440969180212, 'Hit@10': 0.01791389165409351, 'Hit@20': 0.03376534082208992}
2026-06-08 17:38:40,049 - INFO - Validation Dataset: {'NDCG@1': 0.009576440969180212, 'NDCG@10': 0.01295297744402316, 'NDCG@20': 0.016864198807115288}
2026-06-08 17:38:40,049 - INFO - Epoch 39/51
2026-06-08 17:39:20,263 - INFO - Training loss: 1.9262480453441018
2026-06-08 17:41:35,812 - INFO - Validation Dataset: {'Hit@1': 0.007806019325604434, 'Hit@10': 0.01781096014934095, 'Hit@20': 0.032344886274794815}
2026-06-08 17:41:35,812 - INFO - Validation Dataset: {'NDCG@1': 0.007806019325604434, 'NDCG@10': 0.011925188207947336, 'NDCG@20': 0.015553446542729325}
2026-06-08 17:41:35,812 - INFO - Epoch 40/51
2026-06-08 17:42:16,911 - INFO - Training loss: 1.9172718851189865
2026-06-08 17:44:31,915 - INFO - Validation Dataset: {'Hit@1': 0.00821774529307904, 'Hit@10': 0.018881447648209898, 'Hit@20': 0.035144622770797}
2026-06-08 17:44:31,915 - INFO - Validation Dataset: {'NDCG@1': 0.00821774529307904, 'NDCG@10': 0.012673008796784718, 'NDCG@20': 0.016708772782265787}
2026-06-08 17:44:31,915 - INFO - Epoch 41/51
2026-06-08 17:45:13,000 - INFO - Training loss: 1.906712602314196
2026-06-08 17:47:27,965 - INFO - Validation Dataset: {'Hit@1': 0.0072090166838096065, 'Hit@10': 0.01709043972834709, 'Hit@20': 0.032777198575613765}
2026-06-08 17:47:27,965 - INFO - Validation Dataset: {'NDCG@1': 0.0072090166838096065, 'NDCG@10': 0.01134819476110603, 'NDCG@20': 0.015244138353456387}
2026-06-08 17:47:27,965 - INFO - Epoch 42/51
2026-06-08 17:48:09,050 - INFO - Training loss: 1.8966984698646947
2026-06-08 17:50:24,159 - INFO - Validation Dataset: {'Hit@1': 0.007044326296819764, 'Hit@10': 0.01834620391626073, 'Hit@20': 0.03594748834847462}
2026-06-08 17:50:24,159 - INFO - Validation Dataset: {'NDCG@1': 0.007044326296819764, 'NDCG@10': 0.01181968640151393, 'NDCG@20': 0.01618607072877466}
2026-06-08 17:50:24,159 - INFO - Epoch 43/51
2026-06-08 17:51:05,237 - INFO - Training loss: 1.8855047652595922
2026-06-08 17:53:20,198 - INFO - Validation Dataset: {'Hit@1': 0.00733253447221143, 'Hit@10': 0.016637541197255076, 'Hit@20': 0.031850815130390314}
2026-06-08 17:53:20,198 - INFO - Validation Dataset: {'NDCG@1': 0.00733253447221143, 'NDCG@10': 0.011107542831818813, 'NDCG@20': 0.014861073053677534}
2026-06-08 17:53:20,198 - INFO - Epoch 44/51
2026-06-08 17:54:01,290 - INFO - Training loss: 1.8770324757224635
2026-06-08 17:56:16,582 - INFO - Validation Dataset: {'Hit@1': 0.00628263326067286, 'Hit@10': 0.017728614974251614, 'Hit@20': 0.03576221163734322}
2026-06-08 17:56:16,582 - INFO - Validation Dataset: {'NDCG@1': 0.00628263326067286, 'NDCG@10': 0.010996515974457645, 'NDCG@20': 0.015457808407734005}
2026-06-08 17:56:16,582 - INFO - Epoch 45/51
2026-06-08 17:56:57,666 - INFO - Training loss: 1.8684232718066165
2026-06-08 17:59:12,703 - INFO - Validation Dataset: {'Hit@1': 0.006035597685709772, 'Hit@10': 0.016966921936264152, 'Hit@20': 0.03567986648250003}
2026-06-08 17:59:12,703 - INFO - Validation Dataset: {'NDCG@1': 0.006035597685709772, 'NDCG@10': 0.010521588586602109, 'NDCG@20': 0.015149977111088281}
2026-06-08 17:59:12,703 - INFO - Epoch 46/51
2026-06-08 17:59:53,781 - INFO - Training loss: 1.8597881724959926
2026-06-08 18:02:08,752 - INFO - Validation Dataset: {'Hit@1': 0.00825891790271041, 'Hit@10': 0.02258698123952617, 'Hit@20': 0.04285152253912018}
2026-06-08 18:02:08,752 - INFO - Validation Dataset: {'NDCG@1': 0.00825891790271041, 'NDCG@10': 0.014007486073528471, 'NDCG@20': 0.019040593930810926}
2026-06-08 18:02:08,763 - INFO - Best model saved to /home/mingyu/news_rec/Data/ckpt/tiger.pth
2026-06-08 18:02:08,763 - INFO - Epoch 47/51
2026-06-08 18:02:49,856 - INFO - Training loss: 1.8506068449271353
2026-06-08 18:05:04,703 - INFO - Validation Dataset: {'Hit@1': 0.0069619811070059595, 'Hit@10': 0.021392975978023213, 'Hit@20': 0.040422339526119205}
2026-06-08 18:05:04,703 - INFO - Validation Dataset: {'NDCG@1': 0.0069619811070059595, 'NDCG@10': 0.012868055906754149, 'NDCG@20': 0.017602284229084438}
2026-06-08 18:05:04,703 - INFO - Epoch 48/51
2026-06-08 18:05:45,779 - INFO - Training loss: 1.8428563688930713
2026-06-08 18:08:00,743 - INFO - Validation Dataset: {'Hit@1': 0.00792953712320905, 'Hit@10': 0.024443560338803665, 'Hit@20': 0.04484839325682389}
2026-06-08 18:08:00,743 - INFO - Validation Dataset: {'NDCG@1': 0.00792953712320905, 'NDCG@10': 0.014695348922557128, 'NDCG@20': 0.019749477297240654}
2026-06-08 18:08:00,754 - INFO - Best model saved to /home/mingyu/news_rec/Data/ckpt/tiger.pth
2026-06-08 18:08:00,754 - INFO - Epoch 49/51
2026-06-08 18:08:41,836 - INFO - Training loss: 1.8343236590686598
2026-06-08 18:10:56,869 - INFO - Validation Dataset: {'Hit@1': 0.007826605631340399, 'Hit@10': 0.020141024113054802, 'Hit@20': 0.038915727399804964}
2026-06-08 18:10:56,869 - INFO - Validation Dataset: {'NDCG@1': 0.007826605631340399, 'NDCG@10': 0.012820826784943198, 'NDCG@20': 0.017456616463669736}
2026-06-08 18:10:56,869 - INFO - Epoch 50/51
2026-06-08 18:11:38,107 - INFO - Training loss: 1.8270851474059255
2026-06-08 18:13:53,190 - INFO - Validation Dataset: {'Hit@1': 0.005620059433941667, 'Hit@10': 0.021812326460708624, 'Hit@20': 0.043740545605629566}
2026-06-08 18:13:53,190 - INFO - Validation Dataset: {'NDCG@1': 0.005620059433941667, 'NDCG@10': 0.012175071312725662, 'NDCG@20': 0.01760044924476784}
2026-06-08 18:13:53,190 - INFO - Epoch 51/51    
2026-06-08 18:14:34,815 - INFO - Training loss: 1.8197714134266503
2026-06-08 18:16:51,527 - INFO - Validation Dataset: {'Hit@1': 0.007167844085221587, 'Hit@10': 0.023023105741813484, 'Hit@20': 0.042645659535136736}
2026-06-08 18:16:51,527 - INFO - Validation Dataset: {'NDCG@1': 0.007167844085221587, 'NDCG@10': 0.013686004393870238, 'NDCG@20': 0.018574634632242938}
