2026-06-11 15:46:38,219 - INFO - Experiment dir: runs/20260611_154638_TIGER_lr0.0001_bs128_beam25_code4
2026-06-11 15:46:38,219 - INFO - Configuration: {'batch_size': 128, 'infer_size': 96, 'num_epochs': 51, 'lr': 0.0001, 'device': 'cuda', 'seed': 2025, 'early_stop': 10, 'num_layers': 4, 'num_decoder_layers': 4, 'd_model': 128, 'd_ff': 512, 'num_heads': 4, 'd_kv': 64, 'dropout_rate': 0.1, 'vocab_size': 1025, 'pad_token_id': 0, 'eos_token_id': 0, 'feed_forward_proj': 'relu', 'max_len': 100, 'dataset_path': PosixPath('/home/mingyu/news_rec/Data'), 'code_path': '/home/mingyu/news_rec/Data/rqvae.npy', 'mode': 'train', 'code_len': 4, 'beam_size': 25, 'log_path': 'runs/20260611_154638_TIGER_lr0.0001_bs128_beam25_code4/train.log', 'save_path': 'runs/20260611_154638_TIGER_lr0.0001_bs128_beam25_code4/best_model.pth', 'exp_dir': 'runs/20260611_154638_TIGER_lr0.0001_bs128_beam25_code4', 'config_save_path': 'runs/20260611_154638_TIGER_lr0.0001_bs128_beam25_code4/config.json'}
2026-06-11 15:46:38,236 - INFO - #Embedding parameters: 131200
#Non-embedding parameters: 2624512
#Total trainable parameters: 2755712

2026-06-11 15:46:39,672 - INFO - Epoch 1/51
2026-06-11 15:47:17,099 - INFO - Training loss: 4.2762787950666326
2026-06-11 15:49:08,268 - INFO - Validation Dataset: {'Hit@1': 0.00020586298373730287, 'Hit@10': 0.002367424312978983, 'Hit@20': 0.006505270260330953}
2026-06-11 15:49:08,268 - INFO - Validation Dataset: {'NDCG@1': 0.00020586298373730287, 'NDCG@10': 0.0008535390013917221, 'NDCG@20': 0.0019898608993194084}
2026-06-11 15:49:08,274 - INFO - Best model saved to runs/20260611_154638_TIGER_lr0.0001_bs128_beam25_code4/best_model.pth
2026-06-11 15:49:08,274 - INFO - Epoch 2/51
2026-06-11 15:49:45,231 - INFO - Training loss: 3.543296653973429
2026-06-11 15:51:38,384 - INFO - Validation Dataset: {'Hit@1': 0.00020586298373730287, 'Hit@10': 0.006628788048732776, 'Hit@20': 0.0074728262765340414}
2026-06-11 15:51:38,384 - INFO - Validation Dataset: {'NDCG@1': 0.00020586298373730287, 'NDCG@10': 0.0023211124606187577, 'NDCG@20': 0.002524301199437572}
2026-06-11 15:51:38,393 - INFO - Best model saved to runs/20260611_154638_TIGER_lr0.0001_bs128_beam25_code4/best_model.pth
2026-06-11 15:51:38,393 - INFO - Epoch 3/51
2026-06-11 15:52:15,255 - INFO - Training loss: 3.242981285797922
2026-06-11 15:54:10,303 - INFO - Validation Dataset: {'Hit@1': 6.175889512119086e-05, 'Hit@10': 0.006546442855237854, 'Hit@20': 0.0074728262765340414}
2026-06-11 15:54:10,303 - INFO - Validation Dataset: {'NDCG@1': 6.175889512119086e-05, 'NDCG@10': 0.00253129712068531, 'NDCG@20': 0.00276139801231916}
2026-06-11 15:54:10,312 - INFO - Best model saved to runs/20260611_154638_TIGER_lr0.0001_bs128_beam25_code4/best_model.pth
2026-06-11 15:54:10,312 - INFO - Epoch 4/51
2026-06-11 15:54:47,180 - INFO - Training loss: 3.0341956615448
2026-06-11 15:56:42,060 - INFO - Validation Dataset: {'Hit@1': 0.00018527668536357257, 'Hit@10': 0.006525856558704682, 'Hit@20': 0.025304372543873993}
2026-06-11 15:56:42,060 - INFO - Validation Dataset: {'NDCG@1': 0.00018527668536357257, 'NDCG@10': 0.0025573954425141096, 'NDCG@20': 0.0069363536064700766}
2026-06-11 15:56:42,069 - INFO - Best model saved to runs/20260611_154638_TIGER_lr0.0001_bs128_beam25_code4/best_model.pth
2026-06-11 15:56:42,069 - INFO - Epoch 5/51
2026-06-11 15:57:18,737 - INFO - Training loss: 2.8716443043006095
2026-06-11 15:59:13,734 - INFO - Validation Dataset: {'Hit@1': 0.00020586298373730287, 'Hit@10': 0.006567029151771027, 'Hit@20': 0.025407304035742647}
2026-06-11 15:59:13,734 - INFO - Validation Dataset: {'NDCG@1': 0.00020586298373730287, 'NDCG@10': 0.002592594017690644, 'NDCG@20': 0.0070914687973487635}
2026-06-11 15:59:13,743 - INFO - Best model saved to runs/20260611_154638_TIGER_lr0.0001_bs128_beam25_code4/best_model.pth
2026-06-11 15:59:13,743 - INFO - Epoch 6/51
2026-06-11 15:59:50,413 - INFO - Training loss: 2.738087783361736
2026-06-11 16:01:45,306 - INFO - Validation Dataset: {'Hit@1': 0.00018527668536357257, 'Hit@10': 0.006608201752199604, 'Hit@20': 0.02670424076518699}
2026-06-11 16:01:45,306 - INFO - Validation Dataset: {'NDCG@1': 0.00018527668536357257, 'NDCG@10': 0.0026336281832764034, 'NDCG@20': 0.0072879063429333}
2026-06-11 16:01:45,315 - INFO - Best model saved to runs/20260611_154638_TIGER_lr0.0001_bs128_beam25_code4/best_model.pth
2026-06-11 16:01:45,315 - INFO - Epoch 7/51
2026-06-11 16:02:22,295 - INFO - Training loss: 2.63160879611969
2026-06-11 16:04:17,656 - INFO - Validation Dataset: {'Hit@1': 0.00020586298373730287, 'Hit@10': 0.0067111332422276964, 'Hit@20': 0.008584486377672127}
2026-06-11 16:04:17,656 - INFO - Validation Dataset: {'NDCG@1': 0.00020586298373730287, 'NDCG@10': 0.002721358775326857, 'NDCG@20': 0.003187306924251906}
2026-06-11 16:04:17,656 - INFO - Epoch 8/51
2026-06-11 16:04:54,348 - INFO - Training loss: 2.542622999768508
2026-06-11 16:06:49,022 - INFO - Validation Dataset: {'Hit@1': 0.00020586298373730287, 'Hit@10': 0.007905138536860703, 'Hit@20': 0.008975626041251327}
2026-06-11 16:06:49,022 - INFO - Validation Dataset: {'NDCG@1': 0.00020586298373730287, 'NDCG@10': 0.002895791194007802, 'NDCG@20': 0.0031662762777975545}
2026-06-11 16:06:49,022 - INFO - Epoch 9/51
2026-06-11 16:07:25,734 - INFO - Training loss: 2.4644915022348104
2026-06-11 16:09:20,597 - INFO - Validation Dataset: {'Hit@1': 0.00020586298373730287, 'Hit@10': 0.0069581688227124605, 'Hit@20': 0.017481579388245176}
2026-06-11 16:09:20,597 - INFO - Validation Dataset: {'NDCG@1': 0.00020586298373730287, 'NDCG@10': 0.002429648357712233, 'NDCG@20': 0.004890975060140191}
2026-06-11 16:09:20,597 - INFO - Epoch 10/51
2026-06-11 16:09:57,293 - INFO - Training loss: 2.399527184586776
2026-06-11 16:11:52,269 - INFO - Validation Dataset: {'Hit@1': 0.00020586298373730287, 'Hit@10': 0.006916996218602766, 'Hit@20': 0.026889517446869446}
2026-06-11 16:11:52,269 - INFO - Validation Dataset: {'NDCG@1': 0.00020586298373730287, 'NDCG@10': 0.0024393585505030255, 'NDCG@20': 0.007124901281691823}
2026-06-11 16:11:52,269 - INFO - Epoch 11/51
2026-06-11 16:12:28,971 - INFO - Training loss: 2.3439872396619696
2026-06-11 16:14:23,745 - INFO - Validation Dataset: {'Hit@1': 0.00020586298373730287, 'Hit@10': 0.004878952696168493, 'Hit@20': 0.024377989111534454}
2026-06-11 16:14:23,745 - INFO - Validation Dataset: {'NDCG@1': 0.00020586298373730287, 'NDCG@10': 0.0017418641851949892, 'NDCG@20': 0.006312013271065952}
2026-06-11 16:14:23,745 - INFO - Epoch 12/51
2026-06-11 16:15:00,443 - INFO - Training loss: 2.2947311589592383
2026-06-11 16:16:55,712 - INFO - Validation Dataset: {'Hit@1': 2.0586298373730287e-05, 'Hit@10': 0.007884552234805855, 'Hit@20': 0.02684834484460031}
2026-06-11 16:16:55,712 - INFO - Validation Dataset: {'NDCG@1': 2.0586298373730287e-05, 'NDCG@10': 0.0026662099716279345, 'NDCG@20': 0.0072467652970387535}
2026-06-11 16:16:55,712 - INFO - Epoch 13/51
2026-06-11 16:17:32,377 - INFO - Training loss: 2.2518782628209966
2026-06-11 16:19:26,799 - INFO - Validation Dataset: {'Hit@1': 0.000144104088616112, 'Hit@10': 0.007390481079358004, 'Hit@20': 0.026580722982306845}
2026-06-11 16:19:26,800 - INFO - Validation Dataset: {'NDCG@1': 0.000144104088616112, 'NDCG@10': 0.0025996737391043735, 'NDCG@20': 0.007143832444997409}
2026-06-11 16:19:26,800 - INFO - Epoch 14/51
2026-06-11 16:20:02,526 - INFO - Training loss: 2.212082446876325
2026-06-11 16:21:55,779 - INFO - Validation Dataset: {'Hit@1': 0.00020586298373730287, 'Hit@10': 0.006546442844194504, 'Hit@20': 0.017724802699160904}
2026-06-11 16:21:55,780 - INFO - Validation Dataset: {'NDCG@1': 0.00020586298373730287, 'NDCG@10': 0.002656676490853721, 'NDCG@20': 0.005218062272825437}
2026-06-11 16:21:55,780 - INFO - Epoch 15/51
2026-06-11 16:22:31,784 - INFO - Training loss: 2.180371700776251
2026-06-11 16:24:22,906 - INFO - Validation Dataset: {'Hit@1': 0.00012351779024238172, 'Hit@10': 0.006278820970857685, 'Hit@20': 0.025530821802057766}
2026-06-11 16:24:22,907 - INFO - Validation Dataset: {'NDCG@1': 0.00012351779024238172, 'NDCG@10': 0.0025620220381796007, 'NDCG@20': 0.007084826311177533}
2026-06-11 16:24:22,907 - INFO - Epoch 16/51
2026-06-11 16:24:59,912 - INFO - Training loss: 2.1494097032045065
2026-06-11 16:26:54,977 - INFO - Validation Dataset: {'Hit@1': 0.00020586298373730287, 'Hit@10': 0.0062582346798461886, 'Hit@20': 0.02534554508908582}
2026-06-11 16:26:54,977 - INFO - Validation Dataset: {'NDCG@1': 0.00020586298373730287, 'NDCG@10': 0.0024115407628673515, 'NDCG@20': 0.0069100142515489}
2026-06-11 16:26:54,977 - INFO - Epoch 17/51
2026-06-11 16:27:30,745 - INFO - Training loss: 2.125629828164452
2026-06-11 16:29:22,477 - INFO - Validation Dataset: {'Hit@1': 0.00022644928211103314, 'Hit@10': 0.007102272903966338, 'Hit@20': 0.02421329876687746}
2026-06-11 16:29:22,477 - INFO - Validation Dataset: {'NDCG@1': 0.00022644928211103314, 'NDCG@10': 0.0025690431598934674, 'NDCG@20': 0.0066070941009047065}
2026-06-11 16:29:22,477 - INFO - Epoch 18/51
2026-06-11 16:29:58,219 - INFO - Training loss: 2.100647309893056
2026-06-11 16:31:52,979 - INFO - Validation Dataset: {'Hit@1': 0.0006999341447068298, 'Hit@10': 0.007308135882181966, 'Hit@20': 0.03189580001695295}
2026-06-11 16:31:52,979 - INFO - Validation Dataset: {'NDCG@1': 0.0006999341447068298, 'NDCG@10': 0.0032473563767873898, 'NDCG@20': 0.009499845954979744}
2026-06-11 16:31:52,988 - INFO - Best model saved to runs/20260611_154638_TIGER_lr0.0001_bs128_beam25_code4/best_model.pth
2026-06-11 16:31:52,988 - INFO - Epoch 19/51
2026-06-11 16:32:29,520 - INFO - Training loss: 2.0790551493042395
2026-06-11 16:34:23,681 - INFO - Validation Dataset: {'Hit@1': 0.0006587615479593692, 'Hit@10': 0.006834651023267286, 'Hit@20': 0.01556324138832481}
2026-06-11 16:34:23,681 - INFO - Validation Dataset: {'NDCG@1': 0.0006587615479593692, 'NDCG@10': 0.0031002643407716346, 'NDCG@20': 0.005142013098779521}
2026-06-11 16:34:23,681 - INFO - Epoch 20/51
2026-06-11 16:35:00,215 - INFO - Training loss: 2.057142365606208
2026-06-11 16:36:54,540 - INFO - Validation Dataset: {'Hit@1': 0.0017704216601408045, 'Hit@10': 0.007308135882181966, 'Hit@20': 0.028577593814125175}
2026-06-11 16:36:54,540 - INFO - Validation Dataset: {'NDCG@1': 0.0017704216601408045, 'NDCG@10': 0.003979988968121293, 'NDCG@20': 0.009116440140384548}
2026-06-11 16:36:54,540 - INFO - Epoch 21/51
2026-06-11 16:37:31,055 - INFO - Training loss: 2.0397405034617373
2026-06-11 16:39:25,468 - INFO - Validation Dataset: {'Hit@1': 0.0030261858590977936, 'Hit@10': 0.00621706209230152, 'Hit@20': 0.02301929347776613}
2026-06-11 16:39:25,468 - INFO - Validation Dataset: {'NDCG@1': 0.0030261858590977936, 'NDCG@10': 0.004223879023635458, 'NDCG@20': 0.008360908954798175}
2026-06-11 16:39:25,468 - INFO - Epoch 22/51
2026-06-11 16:40:01,977 - INFO - Training loss: 2.0207487721192208
2026-06-11 16:41:56,279 - INFO - Validation Dataset: {'Hit@1': 0.0032320488428350964, 'Hit@10': 0.007164031797246971, 'Hit@20': 0.029281340272574438}
2026-06-11 16:41:56,279 - INFO - Validation Dataset: {'NDCG@1': 0.0032320488428350964, 'NDCG@10': 0.004706262949055334, 'NDCG@20': 0.010069960793627522}
2026-06-11 16:41:56,288 - INFO - Best model saved to runs/20260611_154638_TIGER_lr0.0001_bs128_beam25_code4/best_model.pth
2026-06-11 16:41:56,288 - INFO - Epoch 23/51
2026-06-11 16:42:32,809 - INFO - Training loss: 2.0015239906938453
2026-06-11 16:44:26,864 - INFO - Validation Dataset: {'Hit@1': 0.0036437748066285853, 'Hit@10': 0.016205228890914455, 'Hit@20': 0.02697186262379934}
2026-06-11 16:44:26,864 - INFO - Validation Dataset: {'NDCG@1': 0.0036437748066285853, 'NDCG@10': 0.008232296561811252, 'NDCG@20': 0.010965205452003675}
2026-06-11 16:44:26,873 - INFO - Best model saved to runs/20260611_154638_TIGER_lr0.0001_bs128_beam25_code4/best_model.pth
2026-06-11 16:44:26,874 - INFO - Epoch 24/51
2026-06-11 16:45:03,372 - INFO - Training loss: 1.9867340326309204
2026-06-11 16:46:57,435 - INFO - Validation Dataset: {'Hit@1': 0.00327322143590144, 'Hit@10': 0.013319334907921053, 'Hit@20': 0.03154583298509182}
2026-06-11 16:46:57,435 - INFO - Validation Dataset: {'NDCG@1': 0.00327322143590144, 'NDCG@10': 0.006971419031047097, 'NDCG@20': 0.011436075295170718}
2026-06-11 16:46:57,444 - INFO - Best model saved to runs/20260611_154638_TIGER_lr0.0001_bs128_beam25_code4/best_model.pth
2026-06-11 16:46:57,444 - INFO - Epoch 25/51
2026-06-11 16:47:33,943 - INFO - Training loss: 1.9744450807571412
2026-06-11 16:49:27,930 - INFO - Validation Dataset: {'Hit@1': 0.003746706296656678, 'Hit@10': 0.01342226642923864, 'Hit@20': 0.029936289495748024}
2026-06-11 16:49:27,930 - INFO - Validation Dataset: {'NDCG@1': 0.003746706296656678, 'NDCG@10': 0.007318814599835001, 'NDCG@20': 0.01142070304350228}
2026-06-11 16:49:27,930 - INFO - Epoch 26/51
2026-06-11 16:50:04,429 - INFO - Training loss: 1.9595521522195716
2026-06-11 16:51:58,398 - INFO - Validation Dataset: {'Hit@1': 0.004405467842775489, 'Hit@10': 0.01534060438682616, 'Hit@20': 0.03307303126621623}
2026-06-11 16:51:58,398 - INFO - Validation Dataset: {'NDCG@1': 0.004405467842775489, 'NDCG@10': 0.008552838913846039, 'NDCG@20': 0.012901137838795368}
2026-06-11 16:51:58,408 - INFO - Best model saved to runs/20260611_154638_TIGER_lr0.0001_bs128_beam25_code4/best_model.pth
2026-06-11 16:51:58,408 - INFO - Epoch 27/51
2026-06-11 16:52:34,941 - INFO - Training loss: 1.9466445326805115
2026-06-11 16:54:28,493 - INFO - Validation Dataset: {'Hit@1': 0.004796607510035806, 'Hit@10': 0.014743601763436916, 'Hit@20': 0.02956954839458991}
2026-06-11 16:54:28,493 - INFO - Validation Dataset: {'NDCG@1': 0.004796607510035806, 'NDCG@10': 0.008698939238104365, 'NDCG@20': 0.012354008448972798}
2026-06-11 16:54:28,493 - INFO - Epoch 28/51
2026-06-11 16:55:04,426 - INFO - Training loss: 1.9326306010547438
2026-06-11 16:56:57,688 - INFO - Validation Dataset: {'Hit@1': 0.004179018556983339, 'Hit@10': 0.014472167618690508, 'Hit@20': 0.02977159910691762}
2026-06-11 16:56:57,688 - INFO - Validation Dataset: {'NDCG@1': 0.004179018556983339, 'NDCG@10': 0.008300898513359132, 'NDCG@20': 0.012109801978914604}
2026-06-11 16:56:57,688 - INFO - Epoch 29/51
2026-06-11 16:57:33,545 - INFO - Training loss: 1.9217963438285024
2026-06-11 16:59:28,215 - INFO - Validation Dataset: {'Hit@1': 0.005043643088680011, 'Hit@10': 0.017213957536995058, 'Hit@20': 0.03753644556889362}
2026-06-11 16:59:28,215 - INFO - Validation Dataset: {'NDCG@1': 0.005043643088680011, 'NDCG@10': 0.009949378877245037, 'NDCG@20': 0.014979113279400106}
2026-06-11 16:59:28,225 - INFO - Best model saved to runs/20260611_154638_TIGER_lr0.0001_bs128_beam25_code4/best_model.pth
2026-06-11 16:59:28,225 - INFO - Epoch 30/51
2026-06-11 17:00:04,718 - INFO - Training loss: 1.9081274807453155
2026-06-11 17:01:58,681 - INFO - Validation Dataset: {'Hit@1': 0.005352437567967082, 'Hit@10': 0.016328746732692474, 'Hit@20': 0.030800913986952408}
2026-06-11 17:01:58,681 - INFO - Validation Dataset: {'NDCG@1': 0.005352437567967082, 'NDCG@10': 0.009914307486037669, 'NDCG@20': 0.013489296063486296}
2026-06-11 17:01:58,681 - INFO - Epoch 31/51
2026-06-11 17:02:35,172 - INFO - Training loss: 1.8987330555915833
2026-06-11 17:04:29,118 - INFO - Validation Dataset: {'Hit@1': 0.0058876813238435115, 'Hit@10': 0.0199519351581222, 'Hit@20': 0.038545174137670765}
2026-06-11 17:04:29,118 - INFO - Validation Dataset: {'NDCG@1': 0.0058876813238435115, 'NDCG@10': 0.011717281443722133, 'NDCG@20': 0.01634519225586456}
2026-06-11 17:04:29,128 - INFO - Best model saved to runs/20260611_154638_TIGER_lr0.0001_bs128_beam25_code4/best_model.pth
2026-06-11 17:04:29,128 - INFO - Epoch 32/51
2026-06-11 17:05:05,637 - INFO - Training loss: 1.8879519082997975
2026-06-11 17:06:59,558 - INFO - Validation Dataset: {'Hit@1': 0.008008070047134939, 'Hit@10': 0.022010564925554005, 'Hit@20': 0.037512046954936894}
2026-06-11 17:06:59,558 - INFO - Validation Dataset: {'NDCG@1': 0.008008070047134939, 'NDCG@10': 0.013710830838736074, 'NDCG@20': 0.017578953676930676}
2026-06-11 17:06:59,567 - INFO - Best model saved to runs/20260611_154638_TIGER_lr0.0001_bs128_beam25_code4/best_model.pth
2026-06-11 17:06:59,567 - INFO - Epoch 33/51
2026-06-11 17:07:36,079 - INFO - Training loss: 1.8783238294877505
2026-06-11 17:09:30,012 - INFO - Validation Dataset: {'Hit@1': 0.00557888684455644, 'Hit@10': 0.019951935128673264, 'Hit@20': 0.03881279589689296}
2026-06-11 17:09:30,012 - INFO - Validation Dataset: {'NDCG@1': 0.00557888684455644, 'NDCG@10': 0.011552266371178739, 'NDCG@20': 0.016240034098718537}
2026-06-11 17:09:30,012 - INFO - Epoch 34/51
2026-06-11 17:10:06,512 - INFO - Training loss: 1.8673290224451768
2026-06-11 17:12:00,431 - INFO - Validation Dataset: {'Hit@1': 0.008197159000226984, 'Hit@10': 0.021434148620784636, 'Hit@20': 0.03707973466700186}
2026-06-11 17:12:00,431 - INFO - Validation Dataset: {'NDCG@1': 0.008197159000226984, 'NDCG@10': 0.01373912545202646, 'NDCG@20': 0.017633751049000963}
2026-06-11 17:12:00,440 - INFO - Best model saved to runs/20260611_154638_TIGER_lr0.0001_bs128_beam25_code4/best_model.pth
2026-06-11 17:12:00,440 - INFO - Epoch 35/51
2026-06-11 17:12:36,976 - INFO - Training loss: 1.8579363992339686
2026-06-11 17:14:30,903 - INFO - Validation Dataset: {'Hit@1': 0.007493412584110564, 'Hit@10': 0.02203115119263824, 'Hit@20': 0.040047973791954544}
2026-06-11 17:14:30,903 - INFO - Validation Dataset: {'NDCG@1': 0.007493412584110564, 'NDCG@10': 0.013417198373788871, 'NDCG@20': 0.01791747248862233}
2026-06-11 17:14:30,912 - INFO - Best model saved to runs/20260611_154638_TIGER_lr0.0001_bs128_beam25_code4/best_model.pth
2026-06-11 17:14:30,912 - INFO - Epoch 36/51
2026-06-11 17:15:07,412 - INFO - Training loss: 1.8508283837845452
2026-06-11 17:17:01,376 - INFO - Validation Dataset: {'Hit@1': 0.006669960656523586, 'Hit@10': 0.01906672435934129, 'Hit@20': 0.03648654429845718}
2026-06-11 17:17:01,377 - INFO - Validation Dataset: {'NDCG@1': 0.006669960656523586, 'NDCG@10': 0.011730869399593488, 'NDCG@20': 0.01605706514832987}
2026-06-11 17:17:01,377 - INFO - Epoch 37/51
2026-06-11 17:17:37,892 - INFO - Training loss: 1.8395637719254745
2026-06-11 17:19:31,807 - INFO - Validation Dataset: {'Hit@1': 0.006155303200861446, 'Hit@10': 0.02112535411020807, 'Hit@20': 0.040974357148831186}
2026-06-11 17:19:31,807 - INFO - Validation Dataset: {'NDCG@1': 0.006155303200861446, 'NDCG@10': 0.012551426536885823, 'NDCG@20': 0.01745203347405485}
2026-06-11 17:19:31,808 - INFO - Epoch 38/51
2026-06-11 17:20:08,328 - INFO - Training loss: 1.8310576884370102
2026-06-11 17:22:02,226 - INFO - Validation Dataset: {'Hit@1': 0.005825922426881762, 'Hit@10': 0.018675584664472597, 'Hit@20': 0.03788641261547922}
2026-06-11 17:22:02,226 - INFO - Validation Dataset: {'NDCG@1': 0.005825922426881762, 'NDCG@10': 0.01104349499152377, 'NDCG@20': 0.01580927595486975}
2026-06-11 17:22:02,226 - INFO - Epoch 39/51
2026-06-11 17:22:38,742 - INFO - Training loss: 1.8249551311919563
2026-06-11 17:24:31,540 - INFO - Validation Dataset: {'Hit@1': 0.005023056793987397, 'Hit@10': 0.01824327241150817, 'Hit@20': 0.03823637967494872}
2026-06-11 17:24:31,540 - INFO - Validation Dataset: {'NDCG@1': 0.005023056793987397, 'NDCG@10': 0.010572301933869514, 'NDCG@20': 0.015524220940465542}
2026-06-11 17:24:31,540 - INFO - Epoch 40/51
2026-06-11 17:25:08,001 - INFO - Training loss: 1.8188787629729823
2026-06-11 17:26:59,329 - INFO - Validation Dataset: {'Hit@1': 0.007517811155734444, 'Hit@10': 0.020672455580956615, 'Hit@20': 0.0400647478318026}
2026-06-11 17:26:59,329 - INFO - Validation Dataset: {'NDCG@1': 0.007517811155734444, 'NDCG@10': 0.012877344423923421, 'NDCG@20': 0.017684775909405245}
2026-06-11 17:26:59,329 - INFO - Epoch 41/51
2026-06-11 17:27:34,583 - INFO - Training loss: 1.808447891787479
2026-06-11 17:29:24,449 - INFO - Validation Dataset: {'Hit@1': 0.0059494402152835855, 'Hit@10': 0.02361629613796654, 'Hit@20': 0.04599360152416432}
2026-06-11 17:29:24,449 - INFO - Validation Dataset: {'NDCG@1': 0.0059494402152835855, 'NDCG@10': 0.013009256830534681, 'NDCG@20': 0.018558530420388863}
2026-06-11 17:29:24,458 - INFO - Best model saved to runs/20260611_154638_TIGER_lr0.0001_bs128_beam25_code4/best_model.pth
2026-06-11 17:29:24,458 - INFO - Epoch 42/51
2026-06-11 17:29:59,709 - INFO - Training loss: 1.8021589781108656
2026-06-11 17:31:52,227 - INFO - Validation Dataset: {'Hit@1': 0.004858366406997556, 'Hit@10': 0.020096039243057192, 'Hit@20': 0.041073476384014714}
2026-06-11 17:31:52,227 - INFO - Validation Dataset: {'NDCG@1': 0.004858366406997556, 'NDCG@10': 0.01094228360919731, 'NDCG@20': 0.0161616344942634}
2026-06-11 17:31:52,227 - INFO - Epoch 43/51
2026-06-11 17:32:28,327 - INFO - Training loss: 1.7938427987851595
2026-06-11 17:34:22,120 - INFO - Validation Dataset: {'Hit@1': 0.006015011387336042, 'Hit@10': 0.02003428034977656, 'Hit@20': 0.039842110830303944}
2026-06-11 17:34:22,120 - INFO - Validation Dataset: {'NDCG@1': 0.006015011387336042, 'NDCG@10': 0.011701742040817975, 'NDCG@20': 0.016621837858110666}
2026-06-11 17:34:22,120 - INFO - Epoch 44/51
2026-06-11 17:34:59,297 - INFO - Training loss: 1.7870753809025413
2026-06-11 17:36:54,866 - INFO - Validation Dataset: {'Hit@1': 0.0068384633149230194, 'Hit@10': 0.024542679559262728, 'Hit@20': 0.046425913738477015}
2026-06-11 17:36:54,866 - INFO - Validation Dataset: {'NDCG@1': 0.0068384633149230194, 'NDCG@10': 0.013983002676547545, 'NDCG@20': 0.01943576569887975}
2026-06-11 17:36:54,875 - INFO - Best model saved to runs/20260611_154638_TIGER_lr0.0001_bs128_beam25_code4/best_model.pth
2026-06-11 17:36:54,875 - INFO - Epoch 45/51
2026-06-11 17:37:31,843 - INFO - Training loss: 1.780077902894271
2026-06-11 17:39:27,698 - INFO - Validation Dataset: {'Hit@1': 0.007867778222566183, 'Hit@10': 0.02334867425542693, 'Hit@20': 0.04328002250410999}
2026-06-11 17:39:27,698 - INFO - Validation Dataset: {'NDCG@1': 0.007867778222566183, 'NDCG@10': 0.014115903405067713, 'NDCG@20': 0.019077450178725565}
2026-06-11 17:39:27,698 - INFO - Epoch 46/51
2026-06-11 17:40:04,761 - INFO - Training loss: 1.773139051073476
2026-06-11 17:42:00,203 - INFO - Validation Dataset: {'Hit@1': 0.006529668842998182, 'Hit@10': 0.025551408111474848, 'Hit@20': 0.0474384546209966}
2026-06-11 17:42:00,203 - INFO - Validation Dataset: {'NDCG@1': 0.006529668842998182, 'NDCG@10': 0.0142865025506469, 'NDCG@20': 0.019752947366041804}
2026-06-11 17:42:00,211 - INFO - Best model saved to runs/20260611_154638_TIGER_lr0.0001_bs128_beam25_code4/best_model.pth
2026-06-11 17:42:00,211 - INFO - Epoch 47/51
2026-06-11 17:42:37,525 - INFO - Training loss: 1.76716197666369
2026-06-11 17:44:32,536 - INFO - Validation Dataset: {'Hit@1': 0.008444194577030632, 'Hit@10': 0.0242544713157704, 'Hit@20': 0.04505044407774455}
2026-06-11 17:44:32,536 - INFO - Validation Dataset: {'NDCG@1': 0.008444194577030632, 'NDCG@10': 0.01479142458636402, 'NDCG@20': 0.01993063490344543}
2026-06-11 17:44:32,545 - INFO - Best model saved to runs/20260611_154638_TIGER_lr0.0001_bs128_beam25_code4/best_model.pth
2026-06-11 17:44:32,545 - INFO - Epoch 48/51
2026-06-11 17:45:09,774 - INFO - Training loss: 1.7590985216592487
2026-06-11 17:47:04,543 - INFO - Validation Dataset: {'Hit@1': 0.00510540198564176, 'Hit@10': 0.022240826491958538, 'Hit@20': 0.04678731762874032}
2026-06-11 17:47:04,544 - INFO - Validation Dataset: {'NDCG@1': 0.00510540198564176, 'NDCG@10': 0.011980024754463626, 'NDCG@20': 0.018065323153135217}
2026-06-11 17:47:04,544 - INFO - Epoch 49/51
2026-06-11 17:47:41,010 - INFO - Training loss: 1.7527590582245274
2026-06-11 17:49:36,033 - INFO - Validation Dataset: {'Hit@1': 0.005620059443144459, 'Hit@10': 0.023084864664543053, 'Hit@20': 0.04616210423962106}
2026-06-11 17:49:36,033 - INFO - Validation Dataset: {'NDCG@1': 0.005620059443144459, 'NDCG@10': 0.012638576178748912, 'NDCG@20': 0.01837310535610532}
2026-06-11 17:49:36,033 - INFO - Epoch 50/51
2026-06-11 17:50:13,151 - INFO - Training loss: 1.7478056866871683
2026-06-11 17:52:06,890 - INFO - Validation Dataset: {'Hit@1': 0.005352437567967082, 'Hit@10': 0.022278186763920214, 'Hit@20': 0.04339972805055116}
2026-06-11 17:52:06,890 - INFO - Validation Dataset: {'NDCG@1': 0.005352437567967082, 'NDCG@10': 0.012165044474860897, 'NDCG@20': 0.01740461101354258}
2026-06-11 17:52:06,890 - INFO - Epoch 51/51
2026-06-11 17:52:44,126 - INFO - Training loss: 1.7409861388959382
2026-06-11 17:54:38,649 - INFO - Validation Dataset: {'Hit@1': 0.007147257792369533, 'Hit@10': 0.02573668477843284, 'Hit@20': 0.0489412543765111}
2026-06-11 17:54:38,649 - INFO - Validation Dataset: {'NDCG@1': 0.007147257792369533, 'NDCG@10': 0.014782234875433765, 'NDCG@20': 0.02057620276846065}
2026-06-11 17:54:38,658 - INFO - Best model saved to runs/20260611_154638_TIGER_lr0.0001_bs128_beam25_code4/best_model.pth
